ЁЯФН MATEMATIKA - 5 va 43-savollar tekshiruvi

======================================================================
ЁЯУР [MATH] Parsing DOCX with math support...
ЁЯУ╕ [PARSER] Extracting images from DOCX...
тЬЕ [PARSER] Saved image: image1.jpeg -> /uploads/test-images/1d2a7570-bbfb-4087-8448-72a2fbec2639.jpeg
тЬЕ [PARSER] Extracted 1 images
ЁЯУЭ [MATH] Raw Markdown length: 12496
ЁЯУЛ [MATH] Found 2 variants, merging...
тЬЕ [MATH] Variants merged: 1-30 + 31-60
ЁЯз╣ [MATH] Cleaned text length: 6553
ЁЯз╣ [MATH] Math blocks found: 190
ЁЯФН [PARSER] Found 60 question markers
тЬЕ [PARSER] Valid question markers: 60
ЁЯФН [DEBUG] Processing block with 3 lines:
  Line 0: 1) bu yerda  ___MATH_0___
  Line 1: ___MATH_1___
  Line 2: ** A) тИТ124** B) тИТ105 C) тИТ62 D) тИТ50
ЁЯФН [PARSER] Detected 4 inline variants in line: ** A) тИТ124** B) тИТ105 C) тИТ62 D) тИТ50
  ЁЯОп Correct answer detected: A
  тЬЕ Variant A: тИТ124
  тЬЕ Variant B: тИТ105
  тЬЕ Variant C: тИТ62
  тЬЕ Variant D: тИТ50
тЬЕ [PARSER] Question 1: 1) bu yerda \(\lbrack a\rbrack - a sonining butun ...
ЁЯФН [DEBUG] Processing block with 2 lines:
  Line 0: 2) ___MATH_2___
  Line 1: A) 2 ** B) **  ___MATH_3___  C)  ___MATH_4___  D)  ___MATH_5___
ЁЯФН [PARSER] Detected 4 inline variants in line: A) 2 ** B) **  ___MATH_3___  C)  ___MATH_4___  D)  ___MATH_5___
  ЁЯОп Correct answer detected: B
  тЬЕ Variant A: 2
  тЬЕ Variant B: \(\sqrt{2}\)
  тЬЕ Variant C: \(\frac{\sqrt{2}}{2}\)
  тЬЕ Variant D: \(\frac{\sqrt{6}}{3}\)
тЬЕ [PARSER] Question 2: 2) \(\frac{2 + \sqrt{3}}{\sqrt{2} + \sqrt{2 + \sqr...
ЁЯФН [DEBUG] Processing block with 2 lines:
  Line 0: 3) 4+2 ___MATH_6___  soniga teskari sonni toping.
  Line 1: A) 4тИТ2 ___MATH_7___  B) тИТ4тИТ2 ___MATH_8___  ** C) 0,5тИТ0,25** ___MATH_9___  D)  ___MATH_10___
ЁЯФН [PARSER] Detected 4 inline variants in line: A) 4тИТ2 ___MATH_7___  B) тИТ4тИТ2 ___MATH_8___  ** C) 0,5тИТ0,25** ___MATH_9___  D)  ___MATH_10___
  ЁЯОп Correct answer detected: C
  тЬЕ Variant A: 4тИТ2 \(\sqrt{2}\)
  тЬЕ Variant B: тИТ4тИТ2 \(\sqrt{2}\)
  тЬЕ Variant C: 0,5тИТ0,25 \(\sqrt{2}\)
  тЬЕ Variant D: \(\frac{1}{4 - 2\sqrt{2}}\)
тЬЕ [PARSER] Question 3: 3) 4+2 \(\sqrt{2}\) soniga teskari sonni toping....
ЁЯФН [DEBUG] Processing block with 3 lines:
  Line 0: 4) Hisoblang:
  Line 1: ___MATH_11___
  Line 2: A) 2 B) тИТ2 C) 2 ___MATH_12___  ** D) тИТ2** ___MATH_13___
ЁЯФН [PARSER] Detected 4 inline variants in line: A) 2 B) тИТ2 C) 2 ___MATH_12___  ** D) тИТ2** ___MATH_13___
  ЁЯОп Correct answer detected: D
  тЬЕ Variant A: 2
  тЬЕ Variant B: тИТ2
  тЬЕ Variant C: 2 \(\sqrt{3}\)
  тЬЕ Variant D: тИТ2 \(\sqrt{3}\)
тЬЕ [PARSER] Question 4: 4) Hisoblang: \(\frac{\sqrt{7} + \sqrt{5}}{\sqrt{2...
ЁЯФН [DEBUG] Processing block with 1 lines:
  Line 0: 5) ikki sonning yig'indisi  ___MATH_14___  ayirmasi  ___MATH_15___  ga teng. ularning ko'paytmasi ik
тЪая╕П [PARSER] Failed to parse question 5, adding empty placeholder
ЁЯФН [DEBUG] Processing block with 3 lines:
  Line 0: 6) x= ___MATH_16___  va y= ___MATH_17___  bo'lsa,
  Line 1: ___MATH_18___
  Line 2: A)  ___MATH_19___  B)  ___MATH_20___  C)  ___MATH_21___  ** D)  ___MATH_22___
ЁЯФН [PARSER] Detected 4 inline variants in line: A)  ___MATH_19___  B)  ___MATH_20___  C)  ___MATH_21___  ** D)  ___MATH_22___
  ЁЯОп Correct answer detected: D
  тЬЕ Variant A: \(- 6\sqrt{2} \)
  тЬЕ Variant B: \( 4\sqrt{5} \)
  тЬЕ Variant C: \( - 4\sqrt{5} \)
  тЬЕ Variant D: \( 6\sqrt{2}\)
тЬЕ [PARSER] Question 6: 6) x= \(\sqrt{2}\) va y= \(\sqrt{5}\) bo'lsa, \(\s...
ЁЯФН [DEBUG] Processing block with 2 lines:
  Line 0: 7) Hisoblang:  ___MATH_23___
  Line 1: A) 2 ** B) **  ___MATH_24___  C) 2 ___MATH_25___  D) 2 ___MATH_26___
ЁЯФН [PARSER] Detected 4 inline variants in line: A) 2 ** B) **  ___MATH_24___  C) 2 ___MATH_25___  D) 2 ___MATH_26___
  ЁЯОп Correct answer detected: B
  тЬЕ Variant A: 2
  тЬЕ Variant B: \(\sqrt{6}\)
  тЬЕ Variant C: 2 \(\sqrt{3}\)
  тЬЕ Variant D: 2 \(\sqrt{2}\)
тЬЕ [PARSER] Question 7: 7) Hisoblang: \(\frac{\sqrt{5 - 3\sqrt{2,(6)}}}{\s...
ЁЯФН [DEBUG] Processing block with 2 lines:
  Line 0: 8) x= n+ ___MATH_27___  va y=2 bo'lsa, x va y ning o'rta arifmetigini toping.
  Line 1: A) 3 B) 4 ** C) 5** D) 8
ЁЯФН [PARSER] Detected 4 inline variants in line: A) 3 B) 4 ** C) 5** D) 8
  ЁЯОп Correct answer detected: C
  тЬЕ Variant A: 3
  тЬЕ Variant B: 4
  тЬЕ Variant C: 5
  тЬЕ Variant D: 8
тЬЕ [PARSER] Question 8: 8) x= n+ \(\sqrt{n^{2} - 16}; y = n - \sqrt{n^{2} ...
ЁЯФН [DEBUG] Processing block with 2 lines:
  Line 0: 9) Hisoblang:  ___MATH_28___
  Line 1: A) 2 ___MATH_29___  B) 2(2 ___MATH_30___  ** C) тИТ2(** ___MATH_31___  D) 2 ___MATH_32___
ЁЯФН [PARSER] Detected 4 inline variants in line: A) 2 ___MATH_29___  B) 2(2 ___MATH_30___  ** C) тИТ2(** ___MATH_31___  D) 2 ___MATH_32___
  ЁЯОп Correct answer detected: C
  тЬЕ Variant A: 2 \(\sqrt{7}\)
  тЬЕ Variant B: 2(2 \(\sqrt{3} - \sqrt{7})\)
  тЬЕ Variant C: тИТ2( \(\sqrt{7}+ 2\sqrt{3})\)
  тЬЕ Variant D: 2 \(\sqrt{14}\)
тЬЕ [PARSER] Question 9: 9) Hisoblang: \(\sqrt{\frac{13 - 6\sqrt{4,(6)}}{3 ...
ЁЯФН [DEBUG] Processing block with 3 lines:
  Line 0: 10) Soddalashtiring:
  Line 1: ___MATH_33___
  Line 2: A)  ___MATH_34___  B)  ___MATH_35___  C)  ___MATH_36___  ** D) **  ___MATH_37___
ЁЯФН [PARSER] Detected 4 inline variants in line: A)  ___MATH_34___  B)  ___MATH_35___  C)  ___MATH_36___  ** D) **  ___MATH_37___
  ЁЯОп Correct answer detected: D
  тЬЕ Variant A: \(\frac{3\sqrt{y} + \sqrt{x}}{\sqrt{y} - \sqrt{x}}\)
  тЬЕ Variant B: \(\frac{\sqrt{y} - 3\sqrt{x}}{\sqrt{y} + \sqrt{x}}\)
  тЬЕ Variant C: \(\frac{\sqrt{y} + \sqrt{x}}{\sqrt{y} - \sqrt{x}}\)
  тЬЕ Variant D: \(\frac{4\sqrt{y}-\sqrt{x}}{\sqrt{y}+\sqrt{x}}\)
тЬЕ [PARSER] Question 10: 10) Soddalashtiring: \(\frac{x\sqrt{y} - 3y\sqrt{x...
ЁЯФН [DEBUG] Processing block with 2 lines:
  Line 0: 11) ___MATH_38___  bo'lsa ifodani soddalashtiring.  ___MATH_39___ тИТ ___MATH_40___
  Line 1: A)  ___MATH_41___  ** B)  ___MATH_42___  C)  ___MATH_43___  D)  ___MATH_44___
ЁЯФН [PARSER] Detected 4 inline variants in line: A)  ___MATH_41___  ** B)  ___MATH_42___  C)  ___MATH_43___  D)  ___MATH_44___
  ЁЯОп Correct answer detected: B
  тЬЕ Variant A: \(2 - 2a^{2} \)
  тЬЕ Variant B: \( 2a^{2} \)
  тЬЕ Variant C: \( 2 \)
  тЬЕ Variant D: \( \sqrt{a^{4} + 1} - \sqrt{a^{4} - 1}\)
тЬЕ [PARSER] Question 11: 11) \(a = \pi - e,\) bo'lsa ifodani soddalashtirin...
ЁЯФН [DEBUG] Processing block with 3 lines:
  Line 0: 12) Hisodblang:
  Line 1: ___MATH_45___
  Line 2: A) 11 B) 22 ** C) 33** D) 44
ЁЯФН [PARSER] Detected 4 inline variants in line: A) 11 B) 22 ** C) 33** D) 44
  ЁЯОп Correct answer detected: C
  тЬЕ Variant A: 11
  тЬЕ Variant B: 22
  тЬЕ Variant C: 33
  тЬЕ Variant D: 44
тЬЕ [PARSER] Question 12: 12) Hisodblang: \(\sqrt{11} \bullet (\frac{1}{1 + ...
ЁЯФН [DEBUG] Processing block with 2 lines:
  Line 0: 13) ___MATH_46___
  Line 1: A) 6 B) 7 ** C) 8** D) 9
ЁЯФН [PARSER] Detected 4 inline variants in line: A) 6 B) 7 ** C) 8** D) 9
  ЁЯОп Correct answer detected: C
  тЬЕ Variant A: 6
  тЬЕ Variant B: 7
  тЬЕ Variant C: 8
  тЬЕ Variant D: 9
тЬЕ [PARSER] Question 13: 13) \(\sqrt[3]{4\sqrt{2\sqrt[3]{4\sqrt{2\ldots}}}}...
ЁЯФН [DEBUG] Processing block with 2 lines:
  Line 0: 14) ___MATH_47___  ni hisoblang.
  Line 1: A) 1 B) 2 C)  ___MATH_48___  ** D) **  ___MATH_49___
ЁЯФН [PARSER] Detected 4 inline variants in line: A) 1 B) 2 C)  ___MATH_48___  ** D) **  ___MATH_49___
  ЁЯОп Correct answer detected: D
  тЬЕ Variant A: 1
  тЬЕ Variant B: 2
  тЬЕ Variant C: \(\sqrt{2} - 1\)
  тЬЕ Variant D: \(\sqrt{2}+ 1\)
тЬЕ [PARSER] Question 14: 14) \(\frac{\sqrt{10 + \sqrt{1}} + \sqrt{10 + \sqr...
ЁЯФН [DEBUG] Processing block with 2 lines:
  Line 0: 15) ___MATH_50___
  Line 1: A)  ___MATH_51___  B)  ___MATH_52___  ** C) **  ___MATH_53___  D)  ___MATH_54___
ЁЯФН [PARSER] Detected 4 inline variants in line: A)  ___MATH_51___  B)  ___MATH_52___  ** C) **  ___MATH_53___  D)  ___MATH_54___
  ЁЯОп Correct answer detected: C
  тЬЕ Variant A: \(\sqrt{2} + \sqrt{5}\)
  тЬЕ Variant B: \(\sqrt{2} + \sqrt{3}\)
  тЬЕ Variant C: \(\sqrt{2}+\sqrt{10}\)
  тЬЕ Variant D: \(\sqrt{2} + 1\)
тЬЕ [PARSER] Question 15: 15) \(\sqrt{8 + 2\sqrt{10 + 2\sqrt{5}}} + \sqrt{8 ...
ЁЯФН [DEBUG] Processing block with 2 lines:
  Line 0: 16) ___MATH_55___  )тИЩ ___MATH_56___  =?
  Line 1: ** A) 1** B) 2 C)  ___MATH_57___  D) 5
ЁЯФН [PARSER] Detected 4 inline variants in line: ** A) 1** B) 2 C)  ___MATH_57___  D) 5
  ЁЯОп Correct answer detected: A
  тЬЕ Variant A: 1
  тЬЕ Variant B: 2
  тЬЕ Variant C: \(\sqrt{24}\)
  тЬЕ Variant D: 5
тЬЕ [PARSER] Question 16: 16) \(\frac{\sqrt{0,5}}{\sqrt{2,4}} \bullet (\sqrt...
ЁЯФН [DEBUG] Processing block with 3 lines:
  Line 0: 17) ___MATH_58___  ni soddalashtiring
  Line 1: ** A) 1+** ___MATH_59___  B) 1+ ___MATH_60___
  Line 2: C) 1  ___MATH_61___  D) 1 ___MATH_62___
ЁЯФН [PARSER] Detected 2 inline variants in line: ** A) 1+** ___MATH_59___  B) 1+ ___MATH_60___
  ЁЯОп Correct answer detected: A
  тЬЕ Variant A: 1+ \(\frac{1}{n}-\frac{1}{n + 1}\)
  тЬЕ Variant B: 1+ \(\frac{1}{n} + \frac{1}{n + 1}\)
ЁЯФН [PARSER] Detected 2 inline variants in line: C) 1  ___MATH_61___  D) 1 ___MATH_62___
  тЬЕ Variant C: 1 \(- \frac{1}{n} - \frac{1}{n + 1}\)
  тЬЕ Variant D: 1 \(- \frac{1}{n} + \frac{1}{n + 1}\)
тЬЕ [PARSER] Question 17: 17) \(\sqrt{\frac{n^{4} + 2n^{3} + 2n^{2} + 2n + 1...
ЁЯФН [DEBUG] Processing block with 2 lines:
  Line 0: 18) Hisoblang:  ___MATH_63___
  Line 1: A)  ___MATH_64___  B) 0,25 ___MATH_65___  ** C) 1** D) 1,5
ЁЯФН [PARSER] Detected 4 inline variants in line: A)  ___MATH_64___  B) 0,25 ___MATH_65___  ** C) 1** D) 1,5
  ЁЯОп Correct answer detected: C
  тЬЕ Variant A: \(\sqrt[3]{2}\)
  тЬЕ Variant B: 0,25 \(\sqrt[3]{65}\)
  тЬЕ Variant C: 1
  тЬЕ Variant D: 1,5
тЬЕ [PARSER] Question 18: 18) Hisoblang: \(\sqrt[3]{5 + 2\sqrt{13}} + \sqrt[...
ЁЯФН [DEBUG] Processing block with 2 lines:
  Line 0: 19) ___MATH_66___  bo'lsa, x ni toping.
  Line 1: A) 27 B) cheksiz ko'p C) 1 ** D) 3**
ЁЯФН [PARSER] Detected 4 inline variants in line: A) 27 B) cheksiz ko'p C) 1 ** D) 3**
  ЁЯОп Correct answer detected: D
  тЬЕ Variant A: 27
  тЬЕ Variant B: cheksiz ko'p
  тЬЕ Variant C: 1
  тЬЕ Variant D: 3
тЬЕ [PARSER] Question 19: 19) \(x^{2} + y^{2} + z^{2} = 6x + 8y + 10z - 50\)...
ЁЯФН [DEBUG] Processing block with 2 lines:
  Line 0: 20) Agar  ___MATH_67___  bo'lsa, a+b ni toping.
  Line 1: ** A) 20** B) 18 C) 16 D) 10
ЁЯФН [PARSER] Detected 4 inline variants in line: ** A) 20** B) 18 C) 16 D) 10
  ЁЯОп Correct answer detected: A
  тЬЕ Variant A: 20
  тЬЕ Variant B: 18
  тЬЕ Variant C: 16
  тЬЕ Variant D: 10
тЬЕ [PARSER] Question 20: 20) Agar \(\sqrt{4\sqrt{2} + 2\sqrt{6}} = \sqrt[4]...
ЁЯФН [DEBUG] Processing block with 3 lines:
  Line 0: 21) Bunda x=8 va y= 2 ___MATH_68___
  Line 1: ___MATH_69___ =?
  Line 2: ** A) 4** B) 5 C) 6 D) 8
ЁЯФН [PARSER] Detected 4 inline variants in line: ** A) 4** B) 5 C) 6 D) 8
  ЁЯОп Correct answer detected: A
  тЬЕ Variant A: 4
  тЬЕ Variant B: 5
  тЬЕ Variant C: 6
  тЬЕ Variant D: 8
тЬЕ [PARSER] Question 21: 21) Bunda x=8 va y= 2 \(\sqrt{2}\) \(\frac{x + y}{...
ЁЯФН [DEBUG] Processing block with 4 lines:
  Line 0: 22) Hisoblang:
  Line 1: ___MATH_70___
  Line 2: A)  ___MATH_71___  B)  ___MATH_72___
ЁЯФН [PARSER] Detected 2 inline variants in line: A)  ___MATH_71___  B)  ___MATH_72___
  тЬЕ Variant A: \(\sqrt[3]{4}\)
  тЬЕ Variant B: \(\sqrt[3]{16} + 1\)
ЁЯФН [PARSER] Detected 2 inline variants in line: ** C) **  ___MATH_73___  D)  ___MATH_74___
  ЁЯОп Correct answer detected: C
  тЬЕ Variant C: \({(\sqrt[3]{4}+ 1)}^{2}\)
  тЬЕ Variant D: \({- (\sqrt[3]{4} + 1)}^{2}\)
тЬЕ [PARSER] Question 22: 22) Hisoblang: \(\frac{3}{2\sqrt[3]{2} + 2\sqrt[3]...
ЁЯФН [DEBUG] Processing block with 2 lines:
  Line 0: 23) ___MATH_75___
  Line 1: A) 10 ** B) **  ___MATH_76___  C) 12 D) 5тИТ3 ___MATH_77___
ЁЯФН [PARSER] Detected 4 inline variants in line: A) 10 ** B) **  ___MATH_76___  C) 12 D) 5тИТ3 ___MATH_77___
  ЁЯОп Correct answer detected: B
  тЬЕ Variant A: 10
  тЬЕ Variant B: \(6\sqrt{3}\)
  тЬЕ Variant C: 12
  тЬЕ Variant D: 5тИТ3 \(\sqrt{3}\)
тЬЕ [PARSER] Question 23: 23) \(\sqrt{22 - 30\sqrt{4 - 2\sqrt{3}}} + 5 + 3\s...
ЁЯФН [DEBUG] Processing block with 2 lines:
  Line 0: 24) ___MATH_78___  kasr ratsional son bo'lishi uchun x quyidagilarning qaysi biriga teng.
  Line 1: ** A) 7** B) 5 C) 3 D) 2
ЁЯФН [PARSER] Detected 4 inline variants in line: ** A) 7** B) 5 C) 3 D) 2
  ЁЯОп Correct answer detected: A
  тЬЕ Variant A: 7
  тЬЕ Variant B: 5
  тЬЕ Variant C: 3
  тЬЕ Variant D: 2
тЬЕ [PARSER] Question 24: 24) \(\frac{\sqrt{1} \bullet \sqrt{2} \bullet \sqr...
ЁЯФН [DEBUG] Processing block with 2 lines:
  Line 0: 25) ___MATH_79___
  Line 1: ** A) 0** B) 1 C)  ___MATH_80___  D) 11
ЁЯФН [PARSER] Detected 4 inline variants in line: ** A) 0** B) 1 C)  ___MATH_80___  D) 11
  ЁЯОп Correct answer detected: A
  тЬЕ Variant A: 0
  тЬЕ Variant B: 1
  тЬЕ Variant C: \(\sqrt{30}\)
  тЬЕ Variant D: 11
тЬЕ [PARSER] Question 25: 25) \(\sqrt{\sqrt{241 + 44\sqrt{30}}} - {(\sqrt{6}...
ЁЯФН [DEBUG] Processing block with 2 lines:
  Line 0: 26) Agar a=39 ___MATH_81___  bo'lsa,  ___MATH_82___  ifodaning qiymatini toping.
  Line 1: ** A) 6** B) 3 C) 6+ ___MATH_83___  D) 6 ___MATH_84___
ЁЯФН [PARSER] Detected 4 inline variants in line: ** A) 6** B) 3 C) 6+ ___MATH_83___  D) 6 ___MATH_84___
  ЁЯОп Correct answer detected: A
  тЬЕ Variant A: 6
  тЬЕ Variant B: 3
  тЬЕ Variant C: 6+ \(\sqrt{3}\)
  тЬЕ Variant D: 6 \(\sqrt{3}\)
тЬЕ [PARSER] Question 26: 26) Agar a=39 \(- \sqrt{432}\) bo'lsa, \(\sqrt{a} ...
ЁЯФН [DEBUG] Processing block with 3 lines:
  Line 0: 27) Hisoblang:
  Line 1: ( ___MATH_85___
  Line 2: A) тИТ480 B) тИТ240 ** C) тИТ120** D) тИТ60
ЁЯФН [PARSER] Detected 4 inline variants in line: A) тИТ480 B) тИТ240 ** C) тИТ120** D) тИТ60
  ЁЯОп Correct answer detected: C
  тЬЕ Variant A: тИТ480
  тЬЕ Variant B: тИТ240
  тЬЕ Variant C: тИТ120
  тЬЕ Variant D: тИТ60
тЬЕ [PARSER] Question 27: 27) Hisoblang: ( \(\frac{10}{\sqrt{6} + 1} + \frac...
ЁЯФН [DEBUG] Processing block with 3 lines:
  Line 0: 28) Soddalashtiring:
  Line 1: ___MATH_86___
  Line 2: A) 0 B) 1 C) -1 ** D) 3**
ЁЯФН [PARSER] Detected 4 inline variants in line: A) 0 B) 1 C) -1 ** D) 3**
  ЁЯОп Correct answer detected: D
  тЬЕ Variant A: 0
  тЬЕ Variant B: 1
  тЬЕ Variant C: -1
  тЬЕ Variant D: 3
тЬЕ [PARSER] Question 28: 28) Soddalashtiring: \(\frac{(a + 2\sqrt{a} + 1)(\...
ЁЯФН [DEBUG] Processing block with 3 lines:
  Line 0: 29) Hisoblang:
  Line 1: ___MATH_87___
  Line 2: A) 1 B)  ___MATH_88___  C) 5 ** D) 25**
ЁЯФН [PARSER] Detected 4 inline variants in line: A) 1 B)  ___MATH_88___  C) 5 ** D) 25**
  ЁЯОп Correct answer detected: D
  тЬЕ Variant A: 1
  тЬЕ Variant B: \(\sqrt{4}\)
  тЬЕ Variant C: 5
  тЬЕ Variant D: 25
тЬЕ [PARSER] Question 29: 29) Hisoblang: \({(5^{5\sqrt{5}} \bullet \sqrt{5^{...
ЁЯФН [DEBUG] Processing block with 5 lines:
  Line 0: 30) A=  ___MATH_89___  va  ___MATH_90___  bo'lsa,  ___MATH_91___  ning qiymatini toping.
  Line 1: A)  ___MATH_92___  ** B) **  ___MATH_93___  C)  ___MATH_94___  D) 2
  Line 2: ___IMAGE_1___
ЁЯФН [PARSER] Detected 4 inline variants in line: A)  ___MATH_92___  ** B) **  ___MATH_93___  C)  ___MATH_94___  D) 2
  ЁЯОп Correct answer detected: B
  тЬЕ Variant A: \(\sqrt[6]{2}\)
  тЬЕ Variant B: \(\sqrt[3]{2}\\)
  тЬЕ Variant C: \(\sqrt{2}\)
  тЬЕ Variant D: 2
тЬЕ [PARSER] Question 30: 30) A= \(\sqrt{2} - \sqrt[3]{2}, B = \sqrt[3]{2} +...
ЁЯФН [DEBUG] Processing block with 2 lines:
  Line 0: 31) x= n+ ___MATH_95___  va y=2 bo'lsa, x va y ning o'rta arifmetigini toping.
  Line 1: A) 3 B) 4 ** C) 5** D) 8
ЁЯФН [PARSER] Detected 4 inline variants in line: A) 3 B) 4 ** C) 5** D) 8
  ЁЯОп Correct answer detected: C
  тЬЕ Variant A: 3
  тЬЕ Variant B: 4
  тЬЕ Variant C: 5
  тЬЕ Variant D: 8
тЬЕ [PARSER] Question 31: 31) x= n+ \(\sqrt{n^{2} - 16}; y = n - \sqrt{n^{2}...
ЁЯФН [DEBUG] Processing block with 2 lines:
  Line 0: 32) Hisoblang:  ___MATH_96___
  Line 1: A) 2 ___MATH_97___  B) 2(2 ___MATH_98___  ** C) тИТ2(** ___MATH_99___  D) 2 ___MATH_100___
ЁЯФН [PARSER] Detected 4 inline variants in line: A) 2 ___MATH_97___  B) 2(2 ___MATH_98___  ** C) тИТ2(** ___MATH_99___  D) 2 ___MATH_100___
  ЁЯОп Correct answer detected: C
  тЬЕ Variant A: 2 \(\sqrt{7}\)
  тЬЕ Variant B: 2(2 \(\sqrt{3} - \sqrt{7})\)
  тЬЕ Variant C: тИТ2( \(\sqrt{7}+ 2\sqrt{3})\)
  тЬЕ Variant D: 2 \(\sqrt{14}\)
тЬЕ [PARSER] Question 32: 32) Hisoblang: \(\sqrt{\frac{13 - 6\sqrt{4,(6)}}{3...
ЁЯФН [DEBUG] Processing block with 3 lines:
  Line 0: 33) Soddalashtiring:
  Line 1: ___MATH_101___
  Line 2: A)  ___MATH_102___  B)  ___MATH_103___  C)  ___MATH_104___  ** D) **  ___MATH_105___
ЁЯФН [PARSER] Detected 4 inline variants in line: A)  ___MATH_102___  B)  ___MATH_103___  C)  ___MATH_104___  ** D) **  ___MATH_105___
  ЁЯОп Correct answer detected: D
  тЬЕ Variant A: \(\frac{3\sqrt{y} + \sqrt{x}}{\sqrt{y} - \sqrt{x}}\)
  тЬЕ Variant B: \(\frac{\sqrt{y} - 3\sqrt{x}}{\sqrt{y} + \sqrt{x}}\)
  тЬЕ Variant C: \(\frac{\sqrt{y} + \sqrt{x}}{\sqrt{y} - \sqrt{x}}\)
  тЬЕ Variant D: \(\frac{4\sqrt{y}-\sqrt{x}}{\sqrt{y}+\sqrt{x}}\)
тЬЕ [PARSER] Question 33: 33) Soddalashtiring: \(\frac{x\sqrt{y} - 3y\sqrt{x...
ЁЯФН [DEBUG] Processing block with 3 lines:
  Line 0: 34) x= ___MATH_106___  va y= ___MATH_107___  bo'lsa,
  Line 1: ___MATH_108___
  Line 2: A)  ___MATH_109___  B)  ___MATH_110___  C)  ___MATH_111___  ** D)  ___MATH_112___
ЁЯФН [PARSER] Detected 4 inline variants in line: A)  ___MATH_109___  B)  ___MATH_110___  C)  ___MATH_111___  ** D)  ___MATH_112___
  ЁЯОп Correct answer detected: D
  тЬЕ Variant A: \(- 6\sqrt{2} \)
  тЬЕ Variant B: \( 4\sqrt{5} \)
  тЬЕ Variant C: \( - 4\sqrt{5} \)
  тЬЕ Variant D: \( 6\sqrt{2}\)
тЬЕ [PARSER] Question 34: 34) x= \(\sqrt{2}\) va y= \(\sqrt{5}\) bo'lsa, \(\...
ЁЯФН [DEBUG] Processing block with 2 lines:
  Line 0: 35) Hisoblang:  ___MATH_113___
  Line 1: A) 2 ** B) **  ___MATH_114___  C) 2 ___MATH_115___  D) 2 ___MATH_116___
ЁЯФН [PARSER] Detected 4 inline variants in line: A) 2 ** B) **  ___MATH_114___  C) 2 ___MATH_115___  D) 2 ___MATH_116___
  ЁЯОп Correct answer detected: B
  тЬЕ Variant A: 2
  тЬЕ Variant B: \(\sqrt{6}\)
  тЬЕ Variant C: 2 \(\sqrt{3}\)
  тЬЕ Variant D: 2 \(\sqrt{2}\)
тЬЕ [PARSER] Question 35: 35) Hisoblang: \(\frac{\sqrt{5 - 3\sqrt{2,(6)}}}{\...
ЁЯФН [DEBUG] Processing block with 2 lines:
  Line 0: 36) ___MATH_117___  )тИЩ ___MATH_118___  =?
  Line 1: ** A) 1** B) 2 C)  ___MATH_119___  D) 5
ЁЯФН [PARSER] Detected 4 inline variants in line: ** A) 1** B) 2 C)  ___MATH_119___  D) 5
  ЁЯОп Correct answer detected: A
  тЬЕ Variant A: 1
  тЬЕ Variant B: 2
  тЬЕ Variant C: \(\sqrt{24}\)
  тЬЕ Variant D: 5
тЬЕ [PARSER] Question 36: 36) \(\frac{\sqrt{0,5}}{\sqrt{2,4}} \bullet (\sqrt...
ЁЯФН [DEBUG] Processing block with 3 lines:
  Line 0: 37) ___MATH_120___  ni soddalashtiring
  Line 1: ** A) 1+** ___MATH_121___  B) 1+ ___MATH_122___
  Line 2: C) 1  ___MATH_123___  D) 1 ___MATH_124___
ЁЯФН [PARSER] Detected 2 inline variants in line: ** A) 1+** ___MATH_121___  B) 1+ ___MATH_122___
  ЁЯОп Correct answer detected: A
  тЬЕ Variant A: 1+ \(\frac{1}{n}-\frac{1}{n + 1}\)
  тЬЕ Variant B: 1+ \(\frac{1}{n} + \frac{1}{n + 1}\)
ЁЯФН [PARSER] Detected 2 inline variants in line: C) 1  ___MATH_123___  D) 1 ___MATH_124___
  тЬЕ Variant C: 1 \(- \frac{1}{n} - \frac{1}{n + 1}\)
  тЬЕ Variant D: 1 \(- \frac{1}{n} + \frac{1}{n + 1}\)
тЬЕ [PARSER] Question 37: 37) \(\sqrt{\frac{n^{4} + 2n^{3} + 2n^{2} + 2n + 1...
ЁЯФН [DEBUG] Processing block with 2 lines:
  Line 0: 38) Hisoblang:  ___MATH_125___
  Line 1: A)  ___MATH_126___  B) 0,25 ___MATH_127___  ** C) 1** D) 1,5
ЁЯФН [PARSER] Detected 4 inline variants in line: A)  ___MATH_126___  B) 0,25 ___MATH_127___  ** C) 1** D) 1,5
  ЁЯОп Correct answer detected: C
  тЬЕ Variant A: \(\sqrt[3]{2}\)
  тЬЕ Variant B: 0,25 \(\sqrt[3]{65}\)
  тЬЕ Variant C: 1
  тЬЕ Variant D: 1,5
тЬЕ [PARSER] Question 38: 38) Hisoblang: \(\sqrt[3]{5 + 2\sqrt{13}} + \sqrt[...
ЁЯФН [DEBUG] Processing block with 2 lines:
  Line 0: 39) ___MATH_128___  bo'lsa, x ni toping.
  Line 1: A) 27 B) cheksiz ko'p C) 1 ** D) 3**
ЁЯФН [PARSER] Detected 4 inline variants in line: A) 27 B) cheksiz ko'p C) 1 ** D) 3**
  ЁЯОп Correct answer detected: D
  тЬЕ Variant A: 27
  тЬЕ Variant B: cheksiz ko'p
  тЬЕ Variant C: 1
  тЬЕ Variant D: 3
тЬЕ [PARSER] Question 39: 39) \(x^{2} + y^{2} + z^{2} = 6x + 8y + 10z - 50\)...
ЁЯФН [DEBUG] Processing block with 2 lines:
  Line 0: 40) Agar  ___MATH_129___  bo'lsa, a+b ni toping.
  Line 1: ** A) 20** B) 18 C) 16 D) 10
ЁЯФН [PARSER] Detected 4 inline variants in line: ** A) 20** B) 18 C) 16 D) 10
  ЁЯОп Correct answer detected: A
  тЬЕ Variant A: 20
  тЬЕ Variant B: 18
  тЬЕ Variant C: 16
  тЬЕ Variant D: 10
тЬЕ [PARSER] Question 40: 40) Agar \(\sqrt{4\sqrt{2} + 2\sqrt{6}} = \sqrt[4]...
ЁЯФН [DEBUG] Processing block with 2 lines:
  Line 0: 41) 4+2 ___MATH_130___  somiga teskari sonni toping.
  Line 1: A) 4тИТ2 ___MATH_131___  B) тИТ4тИТ2 ___MATH_132___  ** C) 0,5тИТ0,25** ___MATH_133___  D)  ___MATH_134___
ЁЯФН [PARSER] Detected 4 inline variants in line: A) 4тИТ2 ___MATH_131___  B) тИТ4тИТ2 ___MATH_132___  ** C) 0,5тИТ0,25** ___MATH_133___  D)  ___MATH_134___
  ЁЯОп Correct answer detected: C
  тЬЕ Variant A: 4тИТ2 \(\sqrt{2}\)
  тЬЕ Variant B: тИТ4тИТ2 \(\sqrt{2}\)
  тЬЕ Variant C: 0,5тИТ0,25 \(\sqrt{2}\)
  тЬЕ Variant D: \(\frac{1}{4 - 2\sqrt{2}}\)
тЬЕ [PARSER] Question 41: 41) 4+2 \(\sqrt{2}\) somiga teskari sonni toping....
ЁЯФН [DEBUG] Processing block with 3 lines:
  Line 0: 42) Hisoblang:
  Line 1: ___MATH_135___
  Line 2: A) 2 B) тИТ2 C) 2 ___MATH_136___  ** D) тИТ2** ___MATH_137___
ЁЯФН [PARSER] Detected 4 inline variants in line: A) 2 B) тИТ2 C) 2 ___MATH_136___  ** D) тИТ2** ___MATH_137___
  ЁЯОп Correct answer detected: D
  тЬЕ Variant A: 2
  тЬЕ Variant B: тИТ2
  тЬЕ Variant C: 2 \(\sqrt{3}\)
  тЬЕ Variant D: тИТ2 \(\sqrt{3}\)
тЬЕ [PARSER] Question 42: 42) Hisoblang: \(\frac{\sqrt{7} + \sqrt{5}}{\sqrt{...
ЁЯФН [DEBUG] Processing block with 1 lines:
  Line 0: 43) ikki sonning yig'indisi  ___MATH_138___  ayirmasi  ___MATH_139___  ga teng. ularning ko'paytmasi
тЪая╕П [PARSER] Failed to parse question 43, adding empty placeholder
ЁЯФН [DEBUG] Processing block with 3 lines:
  Line 0: 44) bu yerda  ___MATH_140___
  Line 1: ___MATH_141___
  Line 2: ** A) тИТ124** B) тИТ105 C) тИТ62 D) тИТ50
ЁЯФН [PARSER] Detected 4 inline variants in line: ** A) тИТ124** B) тИТ105 C) тИТ62 D) тИТ50
  ЁЯОп Correct answer detected: A
  тЬЕ Variant A: тИТ124
  тЬЕ Variant B: тИТ105
  тЬЕ Variant C: тИТ62
  тЬЕ Variant D: тИТ50
тЬЕ [PARSER] Question 44: 44) bu yerda \(\lbrack a\rbrack - a sonining butun...
ЁЯФН [DEBUG] Processing block with 2 lines:
  Line 0: 45) ___MATH_142___
  Line 1: A) 2 ** B) **  ___MATH_143___  C)  ___MATH_144___  D)  ___MATH_145___
ЁЯФН [PARSER] Detected 4 inline variants in line: A) 2 ** B) **  ___MATH_143___  C)  ___MATH_144___  D)  ___MATH_145___
  ЁЯОп Correct answer detected: B
  тЬЕ Variant A: 2
  тЬЕ Variant B: \(\sqrt{2}\)
  тЬЕ Variant C: \(\frac{\sqrt{2}}{2}\)
  тЬЕ Variant D: \(\frac{\sqrt{6}}{3}\)
тЬЕ [PARSER] Question 45: 45) \(\frac{2 + \sqrt{3}}{\sqrt{2} + \sqrt{2 + \sq...
ЁЯФН [DEBUG] Processing block with 2 lines:
  Line 0: 46) Agar a=39 ___MATH_146___  bo'lsa,  ___MATH_147___  ifodaning qiymatini toping.
  Line 1: ** A) 6** B) 3 C) 6+ ___MATH_148___  D) 6 ___MATH_149___
ЁЯФН [PARSER] Detected 4 inline variants in line: ** A) 6** B) 3 C) 6+ ___MATH_148___  D) 6 ___MATH_149___
  ЁЯОп Correct answer detected: A
  тЬЕ Variant A: 6
  тЬЕ Variant B: 3
  тЬЕ Variant C: 6+ \(\sqrt{3}\)
  тЬЕ Variant D: 6 \(\sqrt{3}\)
тЬЕ [PARSER] Question 46: 46) Agar a=39 \(- \sqrt{432}\) bo'lsa, \(\sqrt{a} ...
ЁЯФН [DEBUG] Processing block with 3 lines:
  Line 0: 47) Hisoblang:
  Line 1: ( ___MATH_150___
  Line 2: A) тИТ480 B) тИТ240 ** C) тИТ120** D) тИТ60
ЁЯФН [PARSER] Detected 4 inline variants in line: A) тИТ480 B) тИТ240 ** C) тИТ120** D) тИТ60
  ЁЯОп Correct answer detected: C
  тЬЕ Variant A: тИТ480
  тЬЕ Variant B: тИТ240
  тЬЕ Variant C: тИТ120
  тЬЕ Variant D: тИТ60
тЬЕ [PARSER] Question 47: 47) Hisoblang: ( \(\frac{10}{\sqrt{6} + 1} + \frac...
ЁЯФН [DEBUG] Processing block with 3 lines:
  Line 0: 48) Soddalashtiring:
  Line 1: ___MATH_151___
  Line 2: A) 0 B) 1 C) 1 ** D) 3**
ЁЯФН [PARSER] Detected 4 inline variants in line: A) 0 B) 1 C) 1 ** D) 3**
  ЁЯОп Correct answer detected: D
  тЬЕ Variant A: 0
  тЬЕ Variant B: 1
  тЬЕ Variant C: 1
  тЬЕ Variant D: 3
тЬЕ [PARSER] Question 48: 48) Soddalashtiring: \(\frac{(a + 2\sqrt{a} + 31)(...
ЁЯФН [DEBUG] Processing block with 2 lines:
  Line 0: 49) A=  ___MATH_152___  va  ___MATH_153___  bo'lsa,  ___MATH_154___  ning qiymatini toping.
  Line 1: A)  ___MATH_155___  ** B) **  ___MATH_156___  C)  ___MATH_157___  D) 2
ЁЯФН [PARSER] Detected 4 inline variants in line: A)  ___MATH_155___  ** B) **  ___MATH_156___  C)  ___MATH_157___  D) 2
  ЁЯОп Correct answer detected: B
  тЬЕ Variant A: \(\sqrt[6]{2}\)
  тЬЕ Variant B: \(\sqrt[3]{2}\\)
  тЬЕ Variant C: \(\sqrt{2}\)
  тЬЕ Variant D: 2
тЬЕ [PARSER] Question 49: 49) A= \(\sqrt{2} - \sqrt[3]{2}, B = \sqrt[3]{2} +...
ЁЯФН [DEBUG] Processing block with 3 lines:
  Line 0: 50) Hisoblang:
  Line 1: ___MATH_158___
  Line 2: A) 1 B)  ___MATH_159___  C) 5 ** D) 25**
ЁЯФН [PARSER] Detected 4 inline variants in line: A) 1 B)  ___MATH_159___  C) 5 ** D) 25**
  ЁЯОп Correct answer detected: D
  тЬЕ Variant A: 1
  тЬЕ Variant B: \(\sqrt{4}\)
  тЬЕ Variant C: 5
  тЬЕ Variant D: 25
тЬЕ [PARSER] Question 50: 50) Hisoblang: \({(5^{5\sqrt{5}} \bullet \sqrt{5^{...
ЁЯФН [DEBUG] Processing block with 2 lines:
  Line 0: 51) ___MATH_160___
  Line 1: A) 10 ** B) **  ___MATH_161___  C) 12 D) 5тИТ3 ___MATH_162___
ЁЯФН [PARSER] Detected 4 inline variants in line: A) 10 ** B) **  ___MATH_161___  C) 12 D) 5тИТ3 ___MATH_162___
  ЁЯОп Correct answer detected: B
  тЬЕ Variant A: 10
  тЬЕ Variant B: \(6\sqrt{3}\)
  тЬЕ Variant C: 12
  тЬЕ Variant D: 5тИТ3 \(\sqrt{3}\)
тЬЕ [PARSER] Question 51: 51) \(\sqrt{22 - 30\sqrt{4 - 2\sqrt{3}}} + 5 + 3\s...
ЁЯФН [DEBUG] Processing block with 2 lines:
  Line 0: 52) ___MATH_163___  kasr ratsional son bo'lishi uchun x quyidagilarning qaysi biriga teng.
  Line 1: ** A) 7** B) 5 C) 3 D) 2
ЁЯФН [PARSER] Detected 4 inline variants in line: ** A) 7** B) 5 C) 3 D) 2
  ЁЯОп Correct answer detected: A
  тЬЕ Variant A: 7
  тЬЕ Variant B: 5
  тЬЕ Variant C: 3
  тЬЕ Variant D: 2
тЬЕ [PARSER] Question 52: 52) \(\frac{\sqrt{1} \bullet \sqrt{2} \bullet \sqr...
ЁЯФН [DEBUG] Processing block with 3 lines:
  Line 0: 53) Bunda x=8 va y= 2 ___MATH_164___
  Line 1: ___IMAGE_1___   ___MATH_165___ =?
  Line 2: ** A) 4** B) 5 C) 6 D) 8
ЁЯФН [PARSER] Detected 4 inline variants in line: ** A) 4** B) 5 C) 6 D) 8
  ЁЯОп Correct answer detected: A
  тЬЕ Variant A: 4
  тЬЕ Variant B: 5
  тЬЕ Variant C: 6
  тЬЕ Variant D: 8
тЬЕ [PARSER] Question 53: 53) Bunda x=8 va y= 2 \(\sqrt{2}\)...
ЁЯФН [DEBUG] Processing block with 4 lines:
  Line 0: 54) Hisoblang:
  Line 1: ___MATH_166___
  Line 2: A)  ___MATH_167___  B)  ___MATH_168___
ЁЯФН [PARSER] Detected 2 inline variants in line: A)  ___MATH_167___  B)  ___MATH_168___
  тЬЕ Variant A: \(\sqrt[3]{4}\)
  тЬЕ Variant B: \(\sqrt[3]{16} + 1\)
ЁЯФН [PARSER] Detected 2 inline variants in line: ** C) **  ___MATH_169___  D)  ___MATH_170___
  ЁЯОп Correct answer detected: C
node.exe : тЭМ Xatolik: Cannot read properties of undefined 
(reading 'length')
At line:1 char:1
+ & "D:\Program Files/node.exe" "D:\Program 
Files/node_modules/npm/bin/ ...
+ ~~~~~~~~~~~~~~~~~~~~~~~~~~~~~~~~~~~~~~~~~~~~~~~~~~~~~~~~~~~~~~~~~
~~~~
    + CategoryInfo          : NotSpecified: (тЭМ Xatolik: Ca...adi 
   ng 'length'):String) [], RemoteException
    + FullyQualifiedErrorId : NativeCommandError
 
  тЬЕ Variant C: \({(\sqrt[3]{4}+ 31)}^{2}\)
  тЬЕ Variant D: \({- (\sqrt[3]{4} + 31)}^{2}\)
тЬЕ [PARSER] Question 54: 54) Hisoblang: \(\frac{3}{2\sqrt[3]{2} + 2\sqrt[3]...
ЁЯФН [DEBUG] Processing block with 2 lines:
  Line 0: 55) ___MATH_171___  bo'lsa ifodani soddalashtiring.  ___MATH_172___ тИТ ___MATH_173___
  Line 1: A)  ___MATH_174___  ** B)  ___MATH_175___  C)  ___MATH_176___  D)  ___MATH_177___
ЁЯФН [PARSER] Detected 4 inline variants in line: A)  ___MATH_174___  ** B)  ___MATH_175___  C)  ___MATH_176___  D)  ___MATH_177___
  ЁЯОп Correct answer detected: B
  тЬЕ Variant A: \(2 - 2a^{2} \)
  тЬЕ Variant B: \( 2a^{2} \)
  тЬЕ Variant C: \( 2 \)
  тЬЕ Variant D: \( \sqrt{a^{4} + 1} - \sqrt{a^{4} - 1}\)
тЬЕ [PARSER] Question 55: 55) \(a = \pi - e,\) bo'lsa ifodani soddalashtirin...
ЁЯФН [DEBUG] Processing block with 3 lines:
  Line 0: 56) Hisodblang:
  Line 1: ___MATH_178___
  Line 2: A) 11 B) 22 ** C) 33** D) 44
ЁЯФН [PARSER] Detected 4 inline variants in line: A) 11 B) 22 ** C) 33** D) 44
  ЁЯОп Correct answer detected: C
  тЬЕ Variant A: 11
  тЬЕ Variant B: 22
  тЬЕ Variant C: 33
  тЬЕ Variant D: 44
тЬЕ [PARSER] Question 56: 56) Hisodblang: \(\sqrt{11} \bullet (\frac{1}{1 + ...
ЁЯФН [DEBUG] Processing block with 2 lines:
  Line 0: 57) ___MATH_179___
  Line 1: ** A) 0** B) 1 C)  ___MATH_180___  D) 11
ЁЯФН [PARSER] Detected 4 inline variants in line: ** A) 0** B) 1 C)  ___MATH_180___  D) 11
  ЁЯОп Correct answer detected: A
  тЬЕ Variant A: 0
  тЬЕ Variant B: 1
  тЬЕ Variant C: \(\sqrt{30}\)
  тЬЕ Variant D: 11
тЬЕ [PARSER] Question 57: 57) \(\sqrt{\sqrt{241 + 44\sqrt{30}}} - {(\sqrt{6}...
ЁЯФН [DEBUG] Processing block with 2 lines:
  Line 0: 58) ___MATH_181___
  Line 1: A) 6 B) 7 ** C) 8** D) 9
ЁЯФН [PARSER] Detected 4 inline variants in line: A) 6 B) 7 ** C) 8** D) 9
  ЁЯОп Correct answer detected: C
  тЬЕ Variant A: 6
  тЬЕ Variant B: 7
  тЬЕ Variant C: 8
  тЬЕ Variant D: 9
тЬЕ [PARSER] Question 58: 58) \(\sqrt[3]{4\sqrt{2\sqrt[3]{4\sqrt{2\ldots}}}}...
ЁЯФН [DEBUG] Processing block with 2 lines:
  Line 0: 59) ___MATH_182___  ni hisoblang.
  Line 1: A) 1 B) 2 C)  ___MATH_183___  ** D) **  ___MATH_184___
ЁЯФН [PARSER] Detected 4 inline variants in line: A) 1 B) 2 C)  ___MATH_183___  ** D) **  ___MATH_184___
  ЁЯОп Correct answer detected: D
  тЬЕ Variant A: 1
  тЬЕ Variant B: 2
  тЬЕ Variant C: \(\sqrt{2} - 1\)
  тЬЕ Variant D: \(\sqrt{2}+ 1\)
тЬЕ [PARSER] Question 59: 59) \(\frac{\sqrt{10 + \sqrt{1}} + \sqrt{10 + \sqr...
ЁЯФН [DEBUG] Processing block with 2 lines:
  Line 0: 60) ___MATH_185___
  Line 1: A)  ___MATH_186___  B)  ___MATH_187___  ** C) **  ___MATH_188___  D)  ___MATH_189___
ЁЯФН [PARSER] Detected 4 inline variants in line: A)  ___MATH_186___  B)  ___MATH_187___  ** C) **  ___MATH_188___  D)  ___MATH_189___
  ЁЯОп Correct answer detected: C
  тЬЕ Variant A: \(\sqrt{2} + \sqrt{5}\)
  тЬЕ Variant B: \(\sqrt{2} + \sqrt{3}\)
  тЬЕ Variant C: \(\sqrt{2}+\sqrt{10}\)
  тЬЕ Variant D: \(\sqrt{2} + 1\)
тЬЕ [PARSER] Question 60: 60) \(\sqrt{8 + 2\sqrt{10 + 2\sqrt{5}}} + \sqrt{8 ...
тЬЕ [MATH] Parsed 60 questions

тЬЕ [MATH] 100% to'liq! Barcha savollar 4ta javobga ega.

